BL51 BANKED LINKER/LOCATER V6.22.2.0                                                    05/15/2025  22:37:28  PAGE 1


BL51 BANKED LINKER/LOCATER V6.22.2.0, INVOKED BY:
D:\KEIL_V5\C51\BIN\BL51.EXE .\Objects\main.obj, .\Objects\HCSR04.obj, .\Objects\LCD1602.obj TO .\Objects\test PRINT (.\L
>> istings\test.m51) RAMSIZE (256)


MEMORY MODEL: SMALL WITH FLOATING POINT ARITHMETIC


INPUT MODULES INCLUDED:
  .\Objects\main.obj (MAIN)
  .\Objects\HCSR04.obj (HCSR04)
  .\Objects\LCD1602.obj (LCD1602)
  D:\KEIL_V5\C51\LIB\C51FPS.LIB (?C?FPMUL)
  D:\KEIL_V5\C51\LIB\C51FPS.LIB (?C?FPDIV)
  D:\KEIL_V5\C51\LIB\C51FPS.LIB (?C?FCAST)
  D:\KEIL_V5\C51\LIB\C51FPS.LIB (?C?CASTF)
  D:\KEIL_V5\C51\LIB\C51FPS.LIB (?C?FPGETOPN)
  D:\KEIL_V5\C51\LIB\C51S.LIB (?C_STARTUP)
  D:\KEIL_V5\C51\LIB\C51S.LIB (?C?CLDOPTR)
  D:\KEIL_V5\C51\LIB\C51S.LIB (?C?IMUL)
  D:\KEIL_V5\C51\LIB\C51S.LIB (?C?UIDIV)
  D:\KEIL_V5\C51\LIB\C51S.LIB (?C?LNEG)


LINK MAP OF MODULE:  .\Objects\test (MAIN)


            TYPE    BASE      LENGTH    RELOCATION   SEGMENT NAME
            -----------------------------------------------------

            * * * * * * *   D A T A   M E M O R Y   * * * * * * *
            REG     0000H     0008H     ABSOLUTE     "REG BANK 0"
            DATA    0008H     0021H     UNIT         _DATA_GROUP_
            DATA    0029H     0007H     UNIT         ?DT?_LCD_SHOWSIGNEDNUM?LCD1602
            DATA    0030H     0005H     UNIT         ?DT?_LCD_SHOWHEXNUM?LCD1602
            DATA    0035H     0005H     UNIT         ?DT?_LCD_SHOWBINNUM?LCD1602
            IDATA   003AH     0001H     UNIT         ?STACK

            * * * * * * *   C O D E   M E M O R Y   * * * * * * *
            CODE    0000H     0003H     ABSOLUTE     
            CODE    0003H     0307H     UNIT         ?C?LIB_CODE
            CODE    030AH     0148H     UNIT         ?PR?HCSR04_CM?HCSR04
            CODE    0452H     004BH     UNIT         ?PR?_LCD_SHOWHEXNUM?LCD1602
            CODE    049DH     004AH     UNIT         ?PR?_LCD_SHOWSIGNEDNUM?LCD1602
            CODE    04E7H     0049H     UNIT         ?PR?MAIN?MAIN
            CODE    0530H     003DH     UNIT         ?PR?_LCD_SHOWBINNUM?LCD1602
            CODE    056DH     0031H     UNIT         ?PR?_LCD_POW?LCD1602
            CODE    059EH     002BH     UNIT         ?PR?_DELAY?HCSR04
            CODE    05C9H     0024H     UNIT         ?PR?_LCD_SHOWNUM?LCD1602
            CODE    05EDH     0023H     UNIT         ?PR?_LCD_SHOWSTRING?LCD1602
            CODE    0610H     001EH     UNIT         ?PR?_LCD_WRITEDATA?LCD1602
            CODE    062EH     001EH     UNIT         ?PR?_LCD_SETCURSOR?LCD1602
            CODE    064CH     0014H     UNIT         ?PR?LCD_INIT?LCD1602
            CODE    0660H     000FH     UNIT         ?PR?LCD_DELAY?LCD1602
            CODE    066FH     000DH     UNIT         ?CO?MAIN
            CODE    067CH     000CH     UNIT         ?C_C51STARTUP
            CODE    0688H     000BH     UNIT         ?PR?TIME0_INIT?HCSR04
            CODE    0693H     000AH     UNIT         ?PR?_LCD_WRITECOMMAND?LCD1602
BL51 BANKED LINKER/LOCATER V6.22.2.0                                                  05/15/2025  22:37:28  PAGE 2


            CODE    069DH     000AH     UNIT         ?PR?_LCD_SHOWCHAR?LCD1602
            CODE    06A7H     0007H     UNIT         ?PR?HCSR04_INIT?HCSR04
            CODE    06AEH     0006H     UNIT         ?PR?DELAY20US?HCSR04



OVERLAY MAP OF MODULE:   .\Objects\test (MAIN)


SEGMENT                                  DATA_GROUP 
  +--> CALLED SEGMENT                  START    LENGTH
------------------------------------------------------
?C_C51STARTUP                          -----    -----
  +--> ?PR?MAIN?MAIN

?PR?MAIN?MAIN                          0008H    0002H
  +--> ?PR?LCD_INIT?LCD1602
  +--> ?PR?HCSR04_INIT?HCSR04
  +--> ?CO?MAIN
  +--> ?PR?_LCD_SHOWSTRING?LCD1602
  +--> ?PR?HCSR04_CM?HCSR04
  +--> ?PR?_LCD_SHOWNUM?LCD1602

?PR?LCD_INIT?LCD1602                   -----    -----
  +--> ?PR?_LCD_WRITECOMMAND?LCD1602

?PR?_LCD_WRITECOMMAND?LCD1602          -----    -----
  +--> ?PR?LCD_DELAY?LCD1602

?PR?HCSR04_INIT?HCSR04                 -----    -----
  +--> ?PR?TIME0_INIT?HCSR04

?PR?_LCD_SHOWSTRING?LCD1602            000AH    0003H
  +--> ?PR?_LCD_SETCURSOR?LCD1602
  +--> ?PR?_LCD_WRITEDATA?LCD1602

?PR?_LCD_SETCURSOR?LCD1602             -----    -----
  +--> ?PR?_LCD_WRITECOMMAND?LCD1602

?PR?_LCD_WRITEDATA?LCD1602             -----    -----
  +--> ?PR?LCD_DELAY?LCD1602

?PR?HCSR04_CM?HCSR04                   000AH    001DH
  +--> ?PR?DELAY20US?HCSR04
  +--> ?PR?_DELAY?HCSR04

?PR?_DELAY?HCSR04                      0027H    0002H

?PR?_LCD_SHOWNUM?LCD1602               000AH    0005H
  +--> ?PR?_LCD_SETCURSOR?LCD1602
  +--> ?PR?_LCD_POW?LCD1602
  +--> ?PR?_LCD_WRITEDATA?LCD1602

?PR?_LCD_POW?LCD1602                   000FH    0004H



BL51 BANKED LINKER/LOCATER V6.22.2.0                                                  05/15/2025  22:37:28  PAGE 3


SYMBOL TABLE OF MODULE:  .\Objects\test (MAIN)

  VALUE           TYPE          NAME
  ----------------------------------

  -------         MODULE        MAIN
  C:0000H         SYMBOL        _ICE_DUMMY_
  C:04E7H         PUBLIC        main
  -------         PROC          MAIN
  -------         DO            
  D:0008H         SYMBOL        value
  -------         ENDDO         
  C:04E7H         LINE#         5
  C:04E7H         LINE#         6
  C:04E7H         LINE#         8
  C:04ECH         LINE#         10
  C:04EFH         LINE#         11
  C:04F2H         LINE#         13
  C:04FFH         LINE#         14
  C:050CH         LINE#         15
  C:050CH         LINE#         16
  C:050CH         LINE#         17
  C:0520H         LINE#         24
  C:052EH         LINE#         26
  -------         ENDPROC       MAIN
  -------         ENDMOD        MAIN

  -------         MODULE        HCSR04
  C:0000H         SYMBOL        _ICE_DUMMY_
  D:00A0H         PUBLIC        P2
  B:00A0H.0       PUBLIC        ECHO
  C:06A7H         PUBLIC        HCSR04_init
  D:0089H         PUBLIC        TMOD
  B:00A0H.1       PUBLIC        TRIG
  C:06AEH         PUBLIC        Delay20us
  C:030AH         PUBLIC        HCSR04_cm
  D:008CH         PUBLIC        TH0
  D:008AH         PUBLIC        TL0
  B:0088H.4       PUBLIC        TR0
  C:059EH         PUBLIC        _Delay
  C:0688H         PUBLIC        time0_init
  -------         PROC          _DELAY
  D:0007H         SYMBOL        xms
  -------         DO            
  D:0004H         SYMBOL        k
  -------         DO            
  D:0027H         SYMBOL        i
  D:0028H         SYMBOL        j
  -------         ENDDO         
  -------         ENDDO         
  C:059EH         LINE#         7
  C:059EH         LINE#         8
  C:059EH         LINE#         10
  C:05B4H         LINE#         11
  C:05B4H         LINE#         13
  C:05B5H         LINE#         14
  C:05B8H         LINE#         15
BL51 BANKED LINKER/LOCATER V6.22.2.0                                                  05/15/2025  22:37:28  PAGE 4


  C:05BBH         LINE#         17
  C:05BBH         LINE#         18
  C:05BEH         LINE#         19
  C:05C1H         LINE#         20
  C:05C8H         LINE#         21
  -------         ENDPROC       _DELAY
  -------         PROC          DELAY20US
  -------         DO            
  D:0007H         SYMBOL        i
  -------         ENDDO         
  C:06AEH         LINE#         23
  C:06AEH         LINE#         24
  C:06AEH         LINE#         27
  C:06AFH         LINE#         28
  C:06B1H         LINE#         29
  C:06B3H         LINE#         30
  -------         ENDPROC       DELAY20US
  -------         PROC          TIME0_INIT
  C:0688H         LINE#         32
  C:0688H         LINE#         33
  C:0688H         LINE#         34
  C:068BH         LINE#         35
  C:068EH         LINE#         36
  C:0690H         LINE#         37
  C:0692H         LINE#         38
  -------         ENDPROC       TIME0_INIT
  -------         PROC          HCSR04_INIT
  C:06A7H         LINE#         40
  C:06A7H         LINE#         41
  C:06A7H         LINE#         42
  C:06A9H         LINE#         43
  C:06ABH         LINE#         44
  -------         ENDPROC       HCSR04_INIT
  -------         PROC          HCSR04_CM
  -------         DO            
  D:000AH         SYMBOL        temp_buf
  D:0004H         SYMBOL        temp
  D:001EH         SYMBOL        temp_sum
  D:0001H         SYMBOL        i
  D:0022H         SYMBOL        j
  D:0023H         SYMBOL        ftemp
  -------         ENDDO         
  C:030AH         LINE#         47
  C:030AH         LINE#         48
  C:030AH         LINE#         51
  C:0313H         LINE#         52
  C:0316H         LINE#         55
  C:0327H         LINE#         56
  C:0327H         LINE#         57
  C:0329H         LINE#         58
  C:032CH         LINE#         59
  C:032EH         LINE#         61
  C:0331H         LINE#         62
  C:0334H         LINE#         63
  C:0336H         LINE#         64
  C:0338H         LINE#         65
  C:033BH         LINE#         66
BL51 BANKED LINKER/LOCATER V6.22.2.0                                                  05/15/2025  22:37:28  PAGE 5


  C:033DH         LINE#         67
  C:0356H         LINE#         68
  C:035BH         LINE#         69
  C:035EH         LINE#         71
  C:0371H         LINE#         72
  C:0371H         LINE#         73
  C:0387H         LINE#         74
  C:0387H         LINE#         75
  C:03A9H         LINE#         76
  C:03A9H         LINE#         77
  C:03A9H         LINE#         78
  C:03C0H         LINE#         79
  C:03CCH         LINE#         80
  C:03CCH         LINE#         81
  C:03D0H         LINE#         82
  C:03D3H         LINE#         83
  C:040EH         LINE#         84
  C:042CH         LINE#         86
  -------         ENDPROC       HCSR04_CM
  -------         ENDMOD        HCSR04

  -------         MODULE        LCD1602
  C:0000H         SYMBOL        _ICE_DUMMY_
  D:0080H         PUBLIC        P0
  D:00A0H         PUBLIC        P2
  C:0693H         PUBLIC        _LCD_WriteCommand
  C:05C9H         PUBLIC        _LCD_ShowNum
  C:0530H         PUBLIC        _LCD_ShowBinNum
  C:0666H         PUBLIC        LCD_Delay
  C:0452H         PUBLIC        _LCD_ShowHexNum
  C:0624H         PUBLIC        _LCD_WriteData
  B:00A0H.7       PUBLIC        LCD_EN
  C:064CH         PUBLIC        LCD_Init
  C:05EDH         PUBLIC        _LCD_ShowString
  C:069DH         PUBLIC        _LCD_ShowChar
  B:00A0H.6       PUBLIC        LCD_RS
  B:00A0H.5       PUBLIC        LCD_RW
  C:062EH         PUBLIC        _LCD_SetCursor
  C:049DH         PUBLIC        _LCD_ShowSignedNum
  C:0577H         PUBLIC        _LCD_Pow
  -------         PROC          L?0047
  -------         ENDPROC       L?0047
  -------         PROC          LCD_DELAY
  -------         DO            
  D:0007H         SYMBOL        i
  D:0006H         SYMBOL        j
  -------         ENDDO         
  C:0666H         LINE#         15
  C:0666H         LINE#         16
  C:0666H         LINE#         19
  C:0668H         LINE#         20
  C:066AH         LINE#         22
  C:066AH         LINE#         23
  C:066CH         LINE#         24
  C:066EH         LINE#         25
  -------         ENDPROC       LCD_DELAY
  -------         PROC          _LCD_WRITECOMMAND
BL51 BANKED LINKER/LOCATER V6.22.2.0                                                  05/15/2025  22:37:28  PAGE 6


  D:0007H         SYMBOL        Command
  C:0693H         LINE#         32
  C:0693H         LINE#         33
  C:0693H         LINE#         34
  C:0695H         LINE#         35
  C:0695H         LINE#         36
  C:0695H         LINE#         37
  C:0695H         LINE#         38
  C:0698H         LINE#         39
  C:069AH         LINE#         40
  -------         ENDPROC       _LCD_WRITECOMMAND
  -------         PROC          L?0045
  -------         ENDPROC       L?0045
  -------         PROC          _LCD_WRITEDATA
  D:0007H         SYMBOL        Data
  C:0624H         LINE#         48
  C:0624H         LINE#         49
  C:0624H         LINE#         50
  C:0626H         LINE#         51
  C:0626H         LINE#         52
  C:0626H         LINE#         53
  C:0626H         LINE#         54
  C:0629H         LINE#         55
  C:062BH         LINE#         56
  -------         ENDPROC       _LCD_WRITEDATA
  -------         PROC          _LCD_SETCURSOR
  D:0006H         SYMBOL        Line
  D:0005H         SYMBOL        Column
  C:062EH         LINE#         65
  C:0630H         LINE#         66
  C:0630H         LINE#         67
  C:0638H         LINE#         68
  C:0638H         LINE#         69
  C:063AH         LINE#         70
  C:063CH         LINE#         71
  C:0642H         LINE#         72
  C:0642H         LINE#         73
  C:064BH         LINE#         74
  C:064BH         LINE#         75
  -------         ENDPROC       _LCD_SETCURSOR
  -------         PROC          LCD_INIT
  C:064CH         LINE#         82
  C:064CH         LINE#         83
  C:064CH         LINE#         84
  C:0651H         LINE#         85
  C:0656H         LINE#         86
  C:065BH         LINE#         87
  -------         ENDPROC       LCD_INIT
  -------         PROC          _LCD_SHOWCHAR
  D:0006H         SYMBOL        Line
  D:0005H         SYMBOL        Column
  D:0004H         SYMBOL        Char
  C:069DH         LINE#         97
  C:069FH         LINE#         98
  C:069FH         LINE#         99
  C:06A2H         LINE#         100
  -------         ENDPROC       _LCD_SHOWCHAR
BL51 BANKED LINKER/LOCATER V6.22.2.0                                                  05/15/2025  22:37:28  PAGE 7


  -------         PROC          _LCD_SHOWSTRING
  D:0007H         SYMBOL        Line
  D:0005H         SYMBOL        Column
  D:000AH         SYMBOL        String
  -------         DO            
  D:0005H         SYMBOL        i
  -------         ENDDO         
  C:05EDH         LINE#         110
  C:05F3H         LINE#         111
  C:05F3H         LINE#         113
  C:05F6H         LINE#         114
  C:0609H         LINE#         115
  C:0609H         LINE#         116
  C:060CH         LINE#         117
  C:060FH         LINE#         118
  -------         ENDPROC       _LCD_SHOWSTRING
  -------         PROC          L?0046
  -------         ENDPROC       L?0046
  -------         PROC          _LCD_POW
  D:000FH         SYMBOL        X
  D:0011H         SYMBOL        Y
  -------         DO            
  D:0003H         SYMBOL        i
  D:0006H         SYMBOL        Result
  -------         ENDDO         
  C:0577H         LINE#         123
  C:057FH         LINE#         124
  C:057FH         LINE#         126
  C:0583H         LINE#         127
  C:0593H         LINE#         128
  C:0593H         LINE#         129
  C:059AH         LINE#         130
  C:059DH         LINE#         131
  C:059DH         LINE#         132
  -------         ENDPROC       _LCD_POW
  -------         PROC          _LCD_SHOWNUM
  D:0007H         SYMBOL        Line
  D:0005H         SYMBOL        Column
  D:000CH         SYMBOL        Number
  D:000EH         SYMBOL        Length
  -------         DO            
  D:0002H         SYMBOL        i
  -------         ENDDO         
  C:05C9H         LINE#         142
  C:05CDH         LINE#         143
  C:05CDH         LINE#         145
  C:05D0H         LINE#         146
  C:05DFH         LINE#         147
  C:05DFH         LINE#         148
  C:05E9H         LINE#         149
  C:05ECH         LINE#         150
  -------         ENDPROC       _LCD_SHOWNUM
  -------         PROC          _LCD_SHOWSIGNEDNUM
  D:0007H         SYMBOL        Line
  D:0005H         SYMBOL        Column
  D:0082H         SYMBOL        Number
  D:002DH         SYMBOL        Length
BL51 BANKED LINKER/LOCATER V6.22.2.0                                                  05/15/2025  22:37:28  PAGE 8


  -------         DO            
  D:0002H         SYMBOL        i
  D:002EH         SYMBOL        Number1
  -------         ENDDO         
  C:049DH         LINE#         160
  C:04A1H         LINE#         161
  C:04A1H         LINE#         164
  C:04A4H         LINE#         165
  C:04ADH         LINE#         166
  C:04ADH         LINE#         167
  C:04B2H         LINE#         168
  C:04B8H         LINE#         169
  C:04BAH         LINE#         171
  C:04BAH         LINE#         172
  C:04BFH         LINE#         173
  C:04CAH         LINE#         174
  C:04CAH         LINE#         175
  C:04D9H         LINE#         176
  C:04D9H         LINE#         177
  C:04E3H         LINE#         178
  C:04E6H         LINE#         179
  -------         ENDPROC       _LCD_SHOWSIGNEDNUM
  -------         PROC          _LCD_SHOWHEXNUM
  D:0007H         SYMBOL        Line
  D:0005H         SYMBOL        Column
  D:0032H         SYMBOL        Number
  D:0034H         SYMBOL        Length
  -------         DO            
  D:0002H         SYMBOL        i
  D:0006H         SYMBOL        SingleNumber
  -------         ENDDO         
  C:0452H         LINE#         189
  C:0456H         LINE#         190
  C:0456H         LINE#         192
  C:0459H         LINE#         193
  C:0465H         LINE#         194
  C:0465H         LINE#         195
  C:0485H         LINE#         196
  C:048FH         LINE#         197
  C:048FH         LINE#         198
  C:0491H         LINE#         199
  C:0493H         LINE#         201
  C:0493H         LINE#         202
  C:0499H         LINE#         203
  C:0499H         LINE#         204
  C:049CH         LINE#         205
  -------         ENDPROC       _LCD_SHOWHEXNUM
  -------         PROC          _LCD_SHOWBINNUM
  D:0007H         SYMBOL        Line
  D:0005H         SYMBOL        Column
  D:0037H         SYMBOL        Number
  D:0039H         SYMBOL        Length
  -------         DO            
  D:0002H         SYMBOL        i
  -------         ENDDO         
  C:0530H         LINE#         215
  C:0534H         LINE#         216
BL51 BANKED LINKER/LOCATER V6.22.2.0                                                  05/15/2025  22:37:28  PAGE 9


  C:0534H         LINE#         218
  C:0537H         LINE#         219
  C:0546H         LINE#         220
  C:0546H         LINE#         221
  C:0569H         LINE#         222
  C:056CH         LINE#         223
  -------         ENDPROC       _LCD_SHOWBINNUM
  -------         ENDMOD        LCD1602

  -------         MODULE        ?C?FPMUL
  C:0003H         PUBLIC        ?C?FPMUL
  -------         ENDMOD        ?C?FPMUL

  -------         MODULE        ?C?FPDIV
  C:010CH         PUBLIC        ?C?FPDIV
  -------         ENDMOD        ?C?FPDIV

  -------         MODULE        ?C?FCAST
  C:01B3H         PUBLIC        ?C?FCASTC
  C:01AEH         PUBLIC        ?C?FCASTI
  C:01A9H         PUBLIC        ?C?FCASTL
  -------         ENDMOD        ?C?FCAST

  -------         MODULE        ?C?CASTF
  C:01E7H         PUBLIC        ?C?CASTF
  -------         ENDMOD        ?C?CASTF

  -------         MODULE        ?C?CLDOPTR
  C:0268H         PUBLIC        ?C?CLDOPTR
  -------         ENDMOD        ?C?CLDOPTR

  -------         MODULE        ?C?IMUL
  C:0295H         PUBLIC        ?C?IMUL
  -------         ENDMOD        ?C?IMUL

  -------         MODULE        ?C?UIDIV
  C:02A7H         PUBLIC        ?C?UIDIV
  -------         ENDMOD        ?C?UIDIV

  -------         MODULE        ?C?LNEG
  C:02FCH         PUBLIC        ?C?LNEG
  -------         ENDMOD        ?C?LNEG

*** WARNING L16: UNCALLED SEGMENT, IGNORED FOR OVERLAY PROCESS
    SEGMENT: ?PR?_LCD_SHOWCHAR?LCD1602

*** WARNING L16: UNCALLED SEGMENT, IGNORED FOR OVERLAY PROCESS
    SEGMENT: ?PR?_LCD_SHOWSIGNEDNUM?LCD1602

*** WARNING L16: UNCALLED SEGMENT, IGNORED FOR OVERLAY PROCESS
    SEGMENT: ?PR?_LCD_SHOWHEXNUM?LCD1602

*** WARNING L16: UNCALLED SEGMENT, IGNORED FOR OVERLAY PROCESS
    SEGMENT: ?PR?_LCD_SHOWBINNUM?LCD1602

Program Size: data=59.0 xdata=0 code=1716
LINK/LOCATE RUN COMPLETE.  4 WARNING(S),  0 ERROR(S)
